dhcp {UUID:dhcp:10.0.1.0/24 CIDR:10.0.1.0/24 Options:map[dns_server:{8.8.8.8, 1.1.1.1} lease_time:3600 mtu:1408 router:10.0.1.1 server_id:10.0.1.1 server_mac:02:42:e1:1f:07:a8] ExternalIDs:map[spinifex:subnet_id:subnet-pub spinifex:vpc_id:vpc-a]}
dhcp {UUID:dhcp:10.0.2.0/24 CIDR:10.0.2.0/24 Options:map[dns_server:{8.8.8.8, 1.1.1.1} lease_time:3600 mtu:1408 router:10.0.2.1 server_id:10.0.2.1 server_mac:02:56:6c:1d:90:2a] ExternalIDs:map[spinifex:subnet_id:subnet-priv spinifex:vpc_id:vpc-a]}
policy {UUID:X Priority:1000 Match:inport == "rtr-subnet-pub" && ip4.dst == 0.0.0.0/0 && ip4.dst != 10.0.0.0/16 && ip4.dst != 169.254.0.0/16 Action:reroute Nexthop:PTR Nexthops:[] Options:map[] ExternalIDs:map[spinifex:output_port:gw-vpc-a spinifex:subnet:subnet-pub]}
policy {UUID:X Priority:1100 Match:inport == "rtr-subnet-priv" && ip4.dst == 0.0.0.0/0 && ip4.dst != 10.0.0.0/16 && ip4.dst != 169.254.0.0/16 && ip4.dst != 224.0.0.0/4 Action:drop Nexthop:<nil> Nexthops:[] Options:map[] ExternalIDs:map[spinifex:gate:drop spinifex:subnet:subnet-priv]}
policy {UUID:X Priority:1100 Match:inport == "rtr-subnet-pub" && ip4.dst == 0.0.0.0/0 && ip4.dst != 10.0.0.0/16 && ip4.dst != 169.254.0.0/16 && ip4.dst != 224.0.0.0/4 Action:drop Nexthop:<nil> Nexthops:[] Options:map[] ExternalIDs:map[spinifex:gate:drop spinifex:subnet:subnet-pub]}
policy {UUID:X Priority:1200 Match:inport == "rtr-subnet-pub" && ip4.src == 10.0.1.10/32 && ip4.dst == 0.0.0.0/0 && ip4.dst != 10.0.0.0/16 Action:reroute Nexthop:PTR Nexthops:[] Options:map[] ExternalIDs:map[spinifex:output_port:gw-vpc-a spinifex:role:system-instance-egress spinifex:src_ip:10.0.1.10 spinifex:subnet:subnet-pub]}
policy {UUID:X Priority:900 Match:inport == "rtr-subnet-priv" && ip4.dst == 0.0.0.0/0 && ip4.dst != 10.0.0.0/16 && ip4.dst != 169.254.0.0/16 Action:reroute Nexthop:PTR Nexthops:[] Options:map[] ExternalIDs:map[spinifex:output_port:gw-vpc-a spinifex:subnet:subnet-priv]}
port {UUID:lsp:ext-port-shared Name:ext-port-shared Type:localnet Addresses:[unknown] PortSecurity:[] DHCPv4Options:<nil> Enabled:<nil> Up:<nil> ExternalIDs:map[spinifex:role:external-localnet] Options:map[network_name:external]}
port {UUID:lsp:gw-port-vpc-a Name:gw-port-vpc-a Type:router Addresses:[router] PortSecurity:[] DHCPv4Options:<nil> Enabled:<nil> Up:<nil> ExternalIDs:map[spinifex:igw_id:igw-a spinifex:role:gateway spinifex:vpc_id:vpc-a] Options:map[router-port:gw-vpc-a]}
port {UUID:lsp:port-eni-priv Name:port-eni-priv Type: Addresses:[02:00:00:00:00:02 10.0.2.10] PortSecurity:[02:00:00:00:00:02 10.0.2.10] DHCPv4Options:PTR Enabled:<nil> Up:<nil> ExternalIDs:map[spinifex:eni_id:eni-priv spinifex:subnet_id:subnet-priv spinifex:vpc_id:vpc-a] Options:map[]}
port {UUID:lsp:port-eni-pub Name:port-eni-pub Type: Addresses:[02:00:00:00:00:01 10.0.1.10] PortSecurity:[02:00:00:00:00:01 10.0.1.10] DHCPv4Options:PTR Enabled:<nil> Up:<nil> ExternalIDs:map[spinifex:eni_id:eni-pub spinifex:subnet_id:subnet-pub spinifex:vpc_id:vpc-a] Options:map[]}
port {UUID:lsp:rtr-port-subnet-priv Name:rtr-port-subnet-priv Type:router Addresses:[router] PortSecurity:[] DHCPv4Options:<nil> Enabled:<nil> Up:<nil> ExternalIDs:map[spinifex:subnet_id:subnet-priv spinifex:vpc_id:vpc-a] Options:map[router-port:rtr-subnet-priv]}
port {UUID:lsp:rtr-port-subnet-pub Name:rtr-port-subnet-pub Type:router Addresses:[router] PortSecurity:[] DHCPv4Options:<nil> Enabled:<nil> Up:<nil> ExternalIDs:map[spinifex:subnet_id:subnet-pub spinifex:vpc_id:vpc-a] Options:map[router-port:rtr-subnet-pub]}
portgroup {UUID:pg:sg_a Name:sg_a Ports:[lsp:port-eni-priv lsp:port-eni-pub] ACLs:[X X X X X X X] ExternalIDs:map[]}
router {UUID:lr:vpc-vpc-a Name:vpc-vpc-a Ports:[X X X] StaticRoutes:[X] NAT:[X X] Policies:[X X X X X] Enabled:<nil> ExternalIDs:map[spinifex:cidr:10.0.0.0/16 spinifex:vpc_id:vpc-a] Options:map[]}
switch {UUID:ls:ext-shared Name:ext-shared Ports:[lsp:ext-port-shared lsp:gw-port-vpc-a] ACLs:[] DNSRecords:[] ExternalIDs:map[spinifex:role:external] OtherConfig:map[]}
switch {UUID:ls:subnet-subnet-priv Name:subnet-subnet-priv Ports:[lsp:port-eni-priv lsp:rtr-port-subnet-priv] ACLs:[] DNSRecords:[] ExternalIDs:map[spinifex:subnet_id:subnet-priv spinifex:vpc_id:vpc-a] OtherConfig:map[]}
switch {UUID:ls:subnet-subnet-pub Name:subnet-subnet-pub Ports:[lsp:port-eni-pub lsp:rtr-port-subnet-pub] ACLs:[] DNSRecords:[] ExternalIDs:map[spinifex:subnet_id:subnet-pub spinifex:vpc_id:vpc-a] OtherConfig:map[]}